Copyright 1986-2020 Xilinx, Inc. All Rights Reserved.
----------------------------------------------------------------------------------------------
| Tool Version : Vivado v.2020.2 (win64) Build 3064766 Wed Nov 18 09:12:45 MST 2020
| Date         : Fri May  5 14:33:09 2023
| Host         : CEAT-ENDV350-01 running 64-bit major release  (build 9200)
| Command      : report_timing -file route_report_timing_0.rpt -rpx route_report_timing_0.rpx
| Design       : top_demo
| Device       : 7z020-clg484
| Speed File   : -1  PRODUCTION 1.12 2019-11-22
----------------------------------------------------------------------------------------------

Timing Report

Slack:                    inf
  Source:                 sw[3]
                            (input port)
  Destination:            sseg_cb
                            (output port)
  Path Group:             (none)
  Path Type:              Max at Slow Process Corner
  Data Path Delay:        16.031ns  (logic 5.197ns (32.417%)  route 10.834ns (67.583%))
  Logic Levels:           4  (IBUF=1 LUT6=2 OBUF=1)

    Location             Delay type                Incr(ns)  Path(ns)    Netlist Resource(s)
  -------------------------------------------------------------------    -------------------
    V4                                                0.000     0.000 r  sw[3] (IN)
                         net (fo=0)                   0.000     0.000    sw[3]
    V4                   IBUF (Prop_ibuf_I_O)         1.440     1.440 r  sw_IBUF[3]_inst/O
                         net (fo=7, routed)           6.404     7.843    driver/sw_IBUF[3]
    SLICE_X105Y72        LUT6 (Prop_lut6_I2_O)        0.124     7.967 r  driver/sseg_cb_OBUF_inst_i_2/O
                         net (fo=1, routed)           0.575     8.542    driver/sseg_cb_OBUF_inst_i_2_n_0
    SLICE_X105Y73        LUT6 (Prop_lut6_I0_O)        0.124     8.666 r  driver/sseg_cb_OBUF_inst_i_1/O
                         net (fo=1, routed)           3.855    12.522    sseg_cb_OBUF
    H17                  OBUF (Prop_obuf_I_O)         3.509    16.031 r  sseg_cb_OBUF_inst/O
                         net (fo=0)                   0.000    16.031    sseg_cb
    H17                                                               r  sseg_cb (OUT)
  -------------------------------------------------------------------    -------------------




